// Jest Snapshot v1, https://goo.gl/fbAQLP

exports[`UsersList renders correctly 1`] = `
<Grid
  container={true}
  spacing={3}
>
  <Spacer />
  <LoadingSkeleton />
</Grid>
`;
