// Jest Snapshot v1, https://goo.gl/fbAQLP

exports[`Spacer renders correctly 1`] = `
<div
  className="makeStyles-root makeStyles-root"
/>
`;
